Archive member included to satisfy reference by file (symbol)

c:/program files (x86)/atmel/studio/7.0/toolchain/avr8/avr8-gnu-toolchain/bin/../lib/gcc/avr/5.4.0/avr5\libgcc.a(_udivmodqi4.o)
                              SegmentDispaly.o (__udivmodqi4)
c:/program files (x86)/atmel/studio/7.0/toolchain/avr8/avr8-gnu-toolchain/bin/../lib/gcc/avr/5.4.0/avr5\libgcc.a(_udivmodhi4.o)
                              APP/TempFilter.o (__udivmodhi4)
c:/program files (x86)/atmel/studio/7.0/toolchain/avr8/avr8-gnu-toolchain/bin/../lib/gcc/avr/5.4.0/avr5\libgcc.a(_udivmodsi4.o)
                              HAL/Sensors_int.o (__udivmodsi4)
c:/program files (x86)/atmel/studio/7.0/toolchain/avr8/avr8-gnu-toolchain/bin/../lib/gcc/avr/5.4.0/avr5\libgcc.a(_divmodsi4.o)
                              HAL/LCD_int.o (__divmodsi4)
c:/program files (x86)/atmel/studio/7.0/toolchain/avr8/avr8-gnu-toolchain/bin/../lib/gcc/avr/5.4.0/avr5\libgcc.a(_negsi2.o)
                              c:/program files (x86)/atmel/studio/7.0/toolchain/avr8/avr8-gnu-toolchain/bin/../lib/gcc/avr/5.4.0/avr5\libgcc.a(_divmodsi4.o) (__negsi2)
c:/program files (x86)/atmel/studio/7.0/toolchain/avr8/avr8-gnu-toolchain/bin/../lib/gcc/avr/5.4.0/avr5\libgcc.a(_exit.o)
                              C:/Program Files (x86)/Atmel/Studio/7.0/Packs/atmel/ATmega_DFP/1.7.374/gcc/dev/atmega32/avr5/crtatmega32.o (exit)
c:/program files (x86)/atmel/studio/7.0/toolchain/avr8/avr8-gnu-toolchain/bin/../lib/gcc/avr/5.4.0/avr5\libgcc.a(_copy_data.o)
                              Config/DIO_Config.o (__do_copy_data)
c:/program files (x86)/atmel/studio/7.0/toolchain/avr8/avr8-gnu-toolchain/bin/../lib/gcc/avr/5.4.0/avr5\libgcc.a(_clear_bss.o)
                              APP/TempFilter.o (__do_clear_bss)
c:/program files (x86)/atmel/studio/7.0/toolchain/avr8/avr8-gnu-toolchain/bin/../lib/gcc/avr/5.4.0/avr5\libgcc.a(_bswapsi2.o)
                              SERVICE/UART_Services.o (__bswapsi2)
c:/program files (x86)/atmel/studio/7.0/toolchain/avr8/avr8-gnu-toolchain/bin/../lib/gcc/avr/5.4.0/avr5\libgcc.a(_umulhisi3.o)
                              HAL/Sensors_int.o (__umulhisi3)

Allocating common symbols
Common symbol       size              file

FilteredTemp        0x2               APP/TempFilter.o
UnfilteredTemp      0x2               APP/TempFilter.o
Busyflag            0x1               MCAL/ADC_int.o
flag                0x1               main.o
Temp                0x14              APP/TempFilter.o
t2                  0x2               main.o
AvgFlag             0x1               APP/TempFilter.o
t1                  0x2               main.o
data                0x14              main.o

Discarded input sections

 .data          0x00000000        0x0 C:/Program Files (x86)/Atmel/Studio/7.0/Packs/atmel/ATmega_DFP/1.7.374/gcc/dev/atmega32/avr5/crtatmega32.o
 .bss           0x00000000        0x0 C:/Program Files (x86)/Atmel/Studio/7.0/Packs/atmel/ATmega_DFP/1.7.374/gcc/dev/atmega32/avr5/crtatmega32.o
 .text          0x00000000        0x0 APP/MOVE.o
 .data          0x00000000        0x0 APP/MOVE.o
 .bss           0x00000000        0x0 APP/MOVE.o
 .text.MOVE_Init
                0x00000000        0x2 APP/MOVE.o
 .text.Stop     0x00000000       0x18 APP/MOVE.o
 .text.forward  0x00000000       0x2e APP/MOVE.o
 .text.turnRight
                0x00000000       0x1c APP/MOVE.o
 .text.turnLeft
                0x00000000       0x1c APP/MOVE.o
 .text.backward
                0x00000000       0x2e APP/MOVE.o
 .text.MOVE_Runnable
                0x00000000       0x4a APP/MOVE.o
 .comment       0x00000000       0x31 APP/MOVE.o
 .text          0x00000000        0x0 APP/TempFilter.o
 .data          0x00000000        0x0 APP/TempFilter.o
 .bss           0x00000000        0x0 APP/TempFilter.o
 .text.Temp_init
                0x00000000        0x2 APP/TempFilter.o
 .text.Temp_Runnable
                0x00000000       0xa0 APP/TempFilter.o
 .text.Temp_Get_Filtered
                0x00000000        0xa APP/TempFilter.o
 .text.Temp_Get_Unfiltered
                0x00000000        0xa APP/TempFilter.o
 .bss.i.1593    0x00000000        0x1 APP/TempFilter.o
 .comment       0x00000000       0x31 APP/TempFilter.o
 COMMON         0x00000000       0x19 APP/TempFilter.o
 .text          0x00000000        0x0 Config/DIO_Config.o
 .data          0x00000000        0x0 Config/DIO_Config.o
 .bss           0x00000000        0x0 Config/DIO_Config.o
 .text          0x00000000        0x0 Config/EXI_Config.o
 .data          0x00000000        0x0 Config/EXI_Config.o
 .bss           0x00000000        0x0 Config/EXI_Config.o
 .text.EXI0_Func
                0x00000000        0x2 Config/EXI_Config.o
 .comment       0x00000000       0x31 Config/EXI_Config.o
 .text          0x00000000        0x0 Config/KEYPAD_Config.o
 .data          0x00000000        0x0 Config/KEYPAD_Config.o
 .bss           0x00000000        0x0 Config/KEYPAD_Config.o
 .comment       0x00000000       0x31 Config/KEYPAD_Config.o
 .text          0x00000000        0x0 Config/UART_Config.o
 .data          0x00000000        0x0 Config/UART_Config.o
 .bss           0x00000000        0x0 Config/UART_Config.o
 .comment       0x00000000       0x31 Config/UART_Config.o
 .text          0x00000000        0x0 HAL/KEYPAD_int.o
 .data          0x00000000        0x0 HAL/KEYPAD_int.o
 .bss           0x00000000        0x0 HAL/KEYPAD_int.o
 .text.KEYPAD_GetKey
                0x00000000       0x90 HAL/KEYPAD_int.o
 .data.KeysArray
                0x00000000       0x10 HAL/KEYPAD_int.o
 .text          0x00000000        0x0 HAL/LCD_int.o
 .data          0x00000000        0x0 HAL/LCD_int.o
 .bss           0x00000000        0x0 HAL/LCD_int.o
 .text.write_Data
                0x00000000       0xc0 HAL/LCD_int.o
 .text.LCD_WriteChar
                0x00000000        0x4 HAL/LCD_int.o
 .text.LCD_WriteStr
                0x00000000       0x26 HAL/LCD_int.o
 .text.LCD_WriteNumber
                0x00000000       0x38 HAL/LCD_int.o
 .text.LCD_Clear
                0x00000000       0x14 HAL/LCD_int.o
 .text.LCD_SetCursor
                0x00000000       0x16 HAL/LCD_int.o
 .text.LCD_Binary_Number_Display
                0x00000000        0x4 HAL/LCD_int.o
 .text.LCD_Hex_Number_Display
                0x00000000       0x38 HAL/LCD_int.o
 .text.LCD_ASCII_Number_Display
                0x00000000        0xc HAL/LCD_int.o
 .text.LCD_WriteStringCursor
                0x00000000       0x14 HAL/LCD_int.o
 .text          0x00000000        0x0 HAL/LCD_Private.o
 .data          0x00000000        0x0 HAL/LCD_Private.o
 .bss           0x00000000        0x0 HAL/LCD_Private.o
 .text.string_len
                0x00000000       0x16 HAL/LCD_Private.o
 .text.reverseString
                0x00000000       0x38 HAL/LCD_Private.o
 .text.intoString
                0x00000000       0xde HAL/LCD_Private.o
 .text.Dec_Bin  0x00000000       0x66 HAL/LCD_Private.o
 .text.SnakeWord
                0x00000000       0xc6 HAL/LCD_Private.o
 .text.customChar
                0x00000000       0x38 HAL/LCD_Private.o
 .data.man      0x00000000        0x8 HAL/LCD_Private.o
 .comment       0x00000000       0x31 HAL/LCD_Private.o
 .text          0x00000000        0x0 HAL/MOTOR_Interface.o
 .data          0x00000000        0x0 HAL/MOTOR_Interface.o
 .bss           0x00000000        0x0 HAL/MOTOR_Interface.o
 .text.Motor_CW
                0x00000000       0x2e HAL/MOTOR_Interface.o
 .text.Motor_CCW
                0x00000000       0x2e HAL/MOTOR_Interface.o
 .text.Motor_STOP
                0x00000000       0x2e HAL/MOTOR_Interface.o
 .comment       0x00000000       0x31 HAL/MOTOR_Interface.o
 .text          0x00000000        0x0 HAL/RGB.o
 .data          0x00000000        0x0 HAL/RGB.o
 .bss           0x00000000        0x0 HAL/RGB.o
 .text.RGB      0x00000000       0x32 HAL/RGB.o
 .text.Set_PWM  0x00000000       0x10 HAL/RGB.o
 .data.Color_List
                0x00000000       0x15 HAL/RGB.o
 .comment       0x00000000       0x31 HAL/RGB.o
 .text          0x00000000        0x0 HAL/Sensors_int.o
 .data          0x00000000        0x0 HAL/Sensors_int.o
 .bss           0x00000000        0x0 HAL/Sensors_int.o
 .text.SENSORS_LM35_ReadTemp
                0x00000000        0x6 HAL/Sensors_int.o
 .text.SENSORS_MPX4115_ReadPressure
                0x00000000       0x28 HAL/Sensors_int.o
 .comment       0x00000000       0x31 HAL/Sensors_int.o
 .text          0x00000000        0x0 HAL/SERVO_int.o
 .data          0x00000000        0x0 HAL/SERVO_int.o
 .bss           0x00000000        0x0 HAL/SERVO_int.o
 .text          0x00000000        0x0 HAL/Ultrasoinc.o
 .data          0x00000000        0x0 HAL/Ultrasoinc.o
 .bss           0x00000000        0x0 HAL/Ultrasoinc.o
 .text.InputCaptureFunction
                0x00000000       0x42 HAL/Ultrasoinc.o
 .text.Ultrasonic_init
                0x00000000       0x14 HAL/Ultrasoinc.o
 .text.Ultrasonic_Get_Distance
                0x00000000       0x58 HAL/Ultrasoinc.o
 .bss.t2        0x00000000        0x2 HAL/Ultrasoinc.o
 .bss.t1        0x00000000        0x2 HAL/Ultrasoinc.o
 .bss.flag      0x00000000        0x1 HAL/Ultrasoinc.o
 .comment       0x00000000       0x31 HAL/Ultrasoinc.o
 .text          0x00000000        0x0 main.o
 .data          0x00000000        0x0 main.o
 .bss           0x00000000        0x0 main.o
 .text.f1       0x00000000        0xc main.o
 .text.f2       0x00000000        0xc main.o
 .text.InputCaptureFunction
                0x00000000       0x42 main.o
 .text.Stack_callback
                0x00000000       0x24 main.o
 .bss.i.2196    0x00000000        0x1 main.o
 .bss.flag2     0x00000000        0x1 main.o
 COMMON         0x00000000       0x19 main.o
 .text          0x00000000        0x0 MCAL/ADC_int.o
 .data          0x00000000        0x0 MCAL/ADC_int.o
 .bss           0x00000000        0x0 MCAL/ADC_int.o
 .text.ADC_Read
                0x00000000       0x18 MCAL/ADC_int.o
 .text.ADC_ReadVolt
                0x00000000       0x22 MCAL/ADC_int.o
 .text.ADC_StartConversion
                0x00000000       0x1e MCAL/ADC_int.o
 .text.ADC_GetRead
                0x00000000        0xa MCAL/ADC_int.o
 .text.ADC_GetReadPeriodic
                0x00000000       0x1a MCAL/ADC_int.o
 COMMON         0x00000000        0x1 MCAL/ADC_int.o
 .text          0x00000000        0x0 MCAL/DIO.o
 .data          0x00000000        0x0 MCAL/DIO.o
 .bss           0x00000000        0x0 MCAL/DIO.o
 .text.DIO_WritePin
                0x00000000       0xa6 MCAL/DIO.o
 .text.DIO_ReadPin
                0x00000000       0x30 MCAL/DIO.o
 .text.DIO_Write_Port
                0x00000000       0x20 MCAL/DIO.o
 .text.DIO_Read_Port
                0x00000000       0x22 MCAL/DIO.o
 .text          0x00000000        0x0 MCAL/Ex_int.o
 .data          0x00000000        0x0 MCAL/Ex_int.o
 .bss           0x00000000        0x0 MCAL/Ex_int.o
 .text.EXI_Enable
                0x00000000       0x20 MCAL/Ex_int.o
 .text.EXI_Disable
                0x00000000       0x20 MCAL/Ex_int.o
 .text.EXI_Init
                0x00000000       0x18 MCAL/Ex_int.o
 .text.EXI_init
                0x00000000        0x4 MCAL/Ex_int.o
 .text.EXI_SetCallBack
                0x00000000        0x2 MCAL/Ex_int.o
 .text          0x00000000        0x0 MCAL/SPI.o
 .data          0x00000000        0x0 MCAL/SPI.o
 .bss           0x00000000        0x0 MCAL/SPI.o
 .text.SPI_init
                0x00000000       0x38 MCAL/SPI.o
 .text.SPI_Send_Receive
                0x00000000       0x16 MCAL/SPI.o
 .text.SPI_Receive_Periodic
                0x00000000       0x26 MCAL/SPI.o
 .comment       0x00000000       0x31 MCAL/SPI.o
 .text          0x00000000        0x0 MCAL/Timers.o
 .data          0x00000000        0x0 MCAL/Timers.o
 .bss           0x00000000        0x0 MCAL/Timers.o
 .text.TIMER0_Init
                0x00000000       0x40 MCAL/Timers.o
 .text.TIMER0_OC0Mode
                0x00000000       0x36 MCAL/Timers.o
 .text.TIMER0_OV_InterruptEnable
                0x00000000        0x8 MCAL/Timers.o
 .text.TIMER0_OV_InterruptDisable
                0x00000000        0x8 MCAL/Timers.o
 .text.TIMER0_OC_InterruptEnable
                0x00000000        0x8 MCAL/Timers.o
 .text.TIMER0_OC_InterruptDisable
                0x00000000        0x8 MCAL/Timers.o
 .text.Timer1_InputCaptureEdge
                0x00000000       0x16 MCAL/Timers.o
 .text.Timer1_ICU_InterruptEnable
                0x00000000        0x8 MCAL/Timers.o
 .text.Timer1_ICU_InterruptDisable
                0x00000000        0x8 MCAL/Timers.o
 .text.Timer1_OVF_InterruptEnable
                0x00000000        0x8 MCAL/Timers.o
 .text.Timer1_OVF_InterruptDisable
                0x00000000        0x8 MCAL/Timers.o
 .text.Timer1_OCA_InterruptEnable
                0x00000000        0x8 MCAL/Timers.o
 .text.Timer1_OCA_InterruptDisable
                0x00000000        0x8 MCAL/Timers.o
 .text.Timer1_OCB_InterruptEnable
                0x00000000        0x8 MCAL/Timers.o
 .text.Timer1_OCB_InterruptDisable
                0x00000000        0x8 MCAL/Timers.o
 .text.Timer1_OVF_SetCallBack
                0x00000000        0xa MCAL/Timers.o
 .text.Timer1_OCA_SetCallBack
                0x00000000        0xa MCAL/Timers.o
 .text.Timer1_OCB_SetCallBack
                0x00000000        0xa MCAL/Timers.o
 .text.Timer1_ICU_SetCallBack
                0x00000000        0xa MCAL/Timers.o
 .text          0x00000000        0x0 MCAL/UART.o
 .data          0x00000000        0x0 MCAL/UART.o
 .bss           0x00000000        0x0 MCAL/UART.o
 .text.UART_SendData
                0x00000000        0x8 MCAL/UART.o
 .text.UART_ReceiveData
                0x00000000        0x8 MCAL/UART.o
 .text.UART_ReceiveData_Periodic
                0x00000000       0x16 MCAL/UART.o
 .text.UART_SendData_NO_BLOCK
                0x00000000        0x4 MCAL/UART.o
 .text.UART_ReceiveData_NO_BLOCK
                0x00000000        0x4 MCAL/UART.o
 .text.UART_RX_Interrupt_Enable
                0x00000000        0x4 MCAL/UART.o
 .text.UART_RX_Interrupt_Disable
                0x00000000        0x4 MCAL/UART.o
 .text.UART_TX_Interrupt_Enable
                0x00000000        0x4 MCAL/UART.o
 .text.UART_TX_Interrupt_Disable
                0x00000000        0x4 MCAL/UART.o
 .text.UART_RX_SetCallback
                0x00000000        0xa MCAL/UART.o
 .text.UART_TX_SetCallback
                0x00000000        0xa MCAL/UART.o
 .text          0x00000000        0x0 SegmentDispaly.o
 .data          0x00000000        0x0 SegmentDispaly.o
 .bss           0x00000000        0x0 SegmentDispaly.o
 .text.segment_Display
                0x00000000       0x20 SegmentDispaly.o
 .text.segment_Display_BCD
                0x00000000       0x16 SegmentDispaly.o
 .text.displayHexDigit
                0x00000000        0xe SegmentDispaly.o
 .text.displayHexDigit_BCD
                0x00000000        0x4 SegmentDispaly.o
 .text.segment_Display_MLX
                0x00000000       0x40 SegmentDispaly.o
 .text.displayHexDigit_MLX
                0x00000000       0x40 SegmentDispaly.o
 .text.segment_Display_MLX_MultiDigits
                0x00000000       0x7e SegmentDispaly.o
 .text.init     0x00000000        0xc SegmentDispaly.o
 .text.displayHexDigit_kit
                0x00000000       0x44 SegmentDispaly.o
 .text.segment_Display_MLX_kit
                0x00000000       0x44 SegmentDispaly.o
 .rodata.hexPatterns
                0x00000000       0x11 SegmentDispaly.o
 .rodata.segmentPatterns
                0x00000000        0xb SegmentDispaly.o
 .comment       0x00000000       0x31 SegmentDispaly.o
 .text          0x00000000        0x0 SERVICE/Timers_Services.o
 .data          0x00000000        0x0 SERVICE/Timers_Services.o
 .bss           0x00000000        0x0 SERVICE/Timers_Services.o
 .text.Timer_func
                0x00000000       0x5c SERVICE/Timers_Services.o
 .text.Func_ICU
                0x00000000       0x72 SERVICE/Timers_Services.o
 .text.PWM_Freq_KHZ
                0x00000000       0x24 SERVICE/Timers_Services.o
 .text.PWM_Freq_HZ
                0x00000000       0x2c SERVICE/Timers_Services.o
 .text.PWM_Duty
                0x00000000       0x34 SERVICE/Timers_Services.o
 .text.Timer1_SetInterruptTime_ms
                0x00000000       0x24 SERVICE/Timers_Services.o
 .text.Timer1_SetInterruptTime_us
                0x00000000       0x10 SERVICE/Timers_Services.o
 .text.PWM_Measure2
                0x00000000       0xaa SERVICE/Timers_Services.o
 .text.PWM_Measure
                0x00000000       0xfe SERVICE/Timers_Services.o
 .text.Timer1_SetInterruptTime_s
                0x00000000       0x5e SERVICE/Timers_Services.o
 .bss.c.2027    0x00000000        0x4 SERVICE/Timers_Services.o
 .bss.fptr_timer
                0x00000000        0x2 SERVICE/Timers_Services.o
 .bss.NofOverFlow
                0x00000000        0x4 SERVICE/Timers_Services.o
 .bss.flag      0x00000000        0x2 SERVICE/Timers_Services.o
 .bss.t3        0x00000000        0x2 SERVICE/Timers_Services.o
 .bss.t2        0x00000000        0x2 SERVICE/Timers_Services.o
 .bss.t1        0x00000000        0x2 SERVICE/Timers_Services.o
 .comment       0x00000000       0x31 SERVICE/Timers_Services.o
 .text          0x00000000        0x0 SERVICE/UART_Services.o
 .data          0x00000000        0x0 SERVICE/UART_Services.o
 .bss           0x00000000        0x0 SERVICE/UART_Services.o
 .text.Tx_Function_Asynchronous
                0x00000000       0x2a SERVICE/UART_Services.o
 .text.Rx_Function_Asynchronous
                0x00000000       0x34 SERVICE/UART_Services.o
 .text.UART_SendString
                0x00000000       0x2c SERVICE/UART_Services.o
 .text.UART_ReceiveString
                0x00000000       0x42 SERVICE/UART_Services.o
 .text.UART_SendNumber
                0x00000000       0x2a SERVICE/UART_Services.o
 .text.UART_ReceiveNumber
                0x00000000       0x44 SERVICE/UART_Services.o
 .text.Endian_Check
                0x00000000        0x4 SERVICE/UART_Services.o
 .text.endian_convert
                0x00000000        0x6 SERVICE/UART_Services.o
 .text.endian_convert_16
                0x00000000        0x8 SERVICE/UART_Services.o
 .text.diagCallOut
                0x00000000        0x2 SERVICE/UART_Services.o
 .text.UART_SendStringCheckSum
                0x00000000       0x64 SERVICE/UART_Services.o
 .text.UART_ReceiveStringCheckSum
                0x00000000       0x6c SERVICE/UART_Services.o
 .text.UART_SendStringAsynchronous
                0x00000000       0x26 SERVICE/UART_Services.o
 .text.UART_SendStringAsynchronous_NO_BLOCK
                0x00000000       0x2c SERVICE/UART_Services.o
 .text.UART_Basic_Communication_Module_Init
                0x00000000        0xc SERVICE/UART_Services.o
 .text.UART_Basic_Communication_Module_SendString
                0x00000000        0xa SERVICE/UART_Services.o
 .text.UART_Basic_Communication_Module_Runnable
                0x00000000       0x32 SERVICE/UART_Services.o
 .text.UART_Receive_Asynchronous
                0x00000000       0x20 SERVICE/UART_Services.o
 .text.countSetBits
                0x00000000       0x18 SERVICE/UART_Services.o
 .text.UART_SendFrame_SW
                0x00000000       0x52 SERVICE/UART_Services.o
 .text.UART_CheckParity
                0x00000000       0x22 SERVICE/UART_Services.o
 .bss.i.1735    0x00000000        0x1 SERVICE/UART_Services.o
 .bss.i.1732    0x00000000        0x1 SERVICE/UART_Services.o
 .bss.i.1722    0x00000000        0x1 SERVICE/UART_Services.o
 .data.i.1714   0x00000000        0x1 SERVICE/UART_Services.o
 .data.flag     0x00000000        0x1 SERVICE/UART_Services.o
 .bss.RX_Str    0x00000000        0x2 SERVICE/UART_Services.o
 .bss.TX_Str    0x00000000        0x2 SERVICE/UART_Services.o
 .comment       0x00000000       0x31 SERVICE/UART_Services.o
 .text          0x00000000        0x0 SERVICE/UART_Stack.o
 .data          0x00000000        0x0 SERVICE/UART_Stack.o
 .bss           0x00000000        0x0 SERVICE/UART_Stack.o
 .text.pushData
                0x00000000       0x20 SERVICE/UART_Stack.o
 .text.popData  0x00000000       0x22 SERVICE/UART_Stack.o
 .bss.stackPtr  0x00000000        0x1 SERVICE/UART_Stack.o
 .bss.stack     0x00000000       0x14 SERVICE/UART_Stack.o
 .comment       0x00000000       0x31 SERVICE/UART_Stack.o
 .text          0x00000000        0x0 c:/program files (x86)/atmel/studio/7.0/toolchain/avr8/avr8-gnu-toolchain/bin/../lib/gcc/avr/5.4.0/avr5\libgcc.a(_udivmodqi4.o)
 .data          0x00000000        0x0 c:/program files (x86)/atmel/studio/7.0/toolchain/avr8/avr8-gnu-toolchain/bin/../lib/gcc/avr/5.4.0/avr5\libgcc.a(_udivmodqi4.o)
 .bss           0x00000000        0x0 c:/program files (x86)/atmel/studio/7.0/toolchain/avr8/avr8-gnu-toolchain/bin/../lib/gcc/avr/5.4.0/avr5\libgcc.a(_udivmodqi4.o)
 .text.libgcc.mul
                0x00000000        0x0 c:/program files (x86)/atmel/studio/7.0/toolchain/avr8/avr8-gnu-toolchain/bin/../lib/gcc/avr/5.4.0/avr5\libgcc.a(_udivmodqi4.o)
 .text.libgcc.div
                0x00000000       0x18 c:/program files (x86)/atmel/studio/7.0/toolchain/avr8/avr8-gnu-toolchain/bin/../lib/gcc/avr/5.4.0/avr5\libgcc.a(_udivmodqi4.o)
 .text.libgcc   0x00000000        0x0 c:/program files (x86)/atmel/studio/7.0/toolchain/avr8/avr8-gnu-toolchain/bin/../lib/gcc/avr/5.4.0/avr5\libgcc.a(_udivmodqi4.o)
 .text.libgcc.prologue
                0x00000000        0x0 c:/program files (x86)/atmel/studio/7.0/toolchain/avr8/avr8-gnu-toolchain/bin/../lib/gcc/avr/5.4.0/avr5\libgcc.a(_udivmodqi4.o)
 .text.libgcc.builtins
                0x00000000        0x0 c:/program files (x86)/atmel/studio/7.0/toolchain/avr8/avr8-gnu-toolchain/bin/../lib/gcc/avr/5.4.0/avr5\libgcc.a(_udivmodqi4.o)
 .text.libgcc.fmul
                0x00000000        0x0 c:/program files (x86)/atmel/studio/7.0/toolchain/avr8/avr8-gnu-toolchain/bin/../lib/gcc/avr/5.4.0/avr5\libgcc.a(_udivmodqi4.o)
 .text.libgcc.fixed
                0x00000000        0x0 c:/program files (x86)/atmel/studio/7.0/toolchain/avr8/avr8-gnu-toolchain/bin/../lib/gcc/avr/5.4.0/avr5\libgcc.a(_udivmodqi4.o)
 .text          0x00000000        0x0 c:/program files (x86)/atmel/studio/7.0/toolchain/avr8/avr8-gnu-toolchain/bin/../lib/gcc/avr/5.4.0/avr5\libgcc.a(_udivmodhi4.o)
 .data          0x00000000        0x0 c:/program files (x86)/atmel/studio/7.0/toolchain/avr8/avr8-gnu-toolchain/bin/../lib/gcc/avr/5.4.0/avr5\libgcc.a(_udivmodhi4.o)
 .bss           0x00000000        0x0 c:/program files (x86)/atmel/studio/7.0/toolchain/avr8/avr8-gnu-toolchain/bin/../lib/gcc/avr/5.4.0/avr5\libgcc.a(_udivmodhi4.o)
 .text.libgcc.mul
                0x00000000        0x0 c:/program files (x86)/atmel/studio/7.0/toolchain/avr8/avr8-gnu-toolchain/bin/../lib/gcc/avr/5.4.0/avr5\libgcc.a(_udivmodhi4.o)
 .text.libgcc.div
                0x00000000       0x28 c:/program files (x86)/atmel/studio/7.0/toolchain/avr8/avr8-gnu-toolchain/bin/../lib/gcc/avr/5.4.0/avr5\libgcc.a(_udivmodhi4.o)
 .text.libgcc   0x00000000        0x0 c:/program files (x86)/atmel/studio/7.0/toolchain/avr8/avr8-gnu-toolchain/bin/../lib/gcc/avr/5.4.0/avr5\libgcc.a(_udivmodhi4.o)
 .text.libgcc.prologue
                0x00000000        0x0 c:/program files (x86)/atmel/studio/7.0/toolchain/avr8/avr8-gnu-toolchain/bin/../lib/gcc/avr/5.4.0/avr5\libgcc.a(_udivmodhi4.o)
 .text.libgcc.builtins
                0x00000000        0x0 c:/program files (x86)/atmel/studio/7.0/toolchain/avr8/avr8-gnu-toolchain/bin/../lib/gcc/avr/5.4.0/avr5\libgcc.a(_udivmodhi4.o)
 .text.libgcc.fmul
                0x00000000        0x0 c:/program files (x86)/atmel/studio/7.0/toolchain/avr8/avr8-gnu-toolchain/bin/../lib/gcc/avr/5.4.0/avr5\libgcc.a(_udivmodhi4.o)
 .text.libgcc.fixed
                0x00000000        0x0 c:/program files (x86)/atmel/studio/7.0/toolchain/avr8/avr8-gnu-toolchain/bin/../lib/gcc/avr/5.4.0/avr5\libgcc.a(_udivmodhi4.o)
 .text          0x00000000        0x0 c:/program files (x86)/atmel/studio/7.0/toolchain/avr8/avr8-gnu-toolchain/bin/../lib/gcc/avr/5.4.0/avr5\libgcc.a(_udivmodsi4.o)
 .data          0x00000000        0x0 c:/program files (x86)/atmel/studio/7.0/toolchain/avr8/avr8-gnu-toolchain/bin/../lib/gcc/avr/5.4.0/avr5\libgcc.a(_udivmodsi4.o)
 .bss           0x00000000        0x0 c:/program files (x86)/atmel/studio/7.0/toolchain/avr8/avr8-gnu-toolchain/bin/../lib/gcc/avr/5.4.0/avr5\libgcc.a(_udivmodsi4.o)
 .text.libgcc.mul
                0x00000000        0x0 c:/program files (x86)/atmel/studio/7.0/toolchain/avr8/avr8-gnu-toolchain/bin/../lib/gcc/avr/5.4.0/avr5\libgcc.a(_udivmodsi4.o)
 .text.libgcc   0x00000000        0x0 c:/program files (x86)/atmel/studio/7.0/toolchain/avr8/avr8-gnu-toolchain/bin/../lib/gcc/avr/5.4.0/avr5\libgcc.a(_udivmodsi4.o)
 .text.libgcc.prologue
                0x00000000        0x0 c:/program files (x86)/atmel/studio/7.0/toolchain/avr8/avr8-gnu-toolchain/bin/../lib/gcc/avr/5.4.0/avr5\libgcc.a(_udivmodsi4.o)
 .text.libgcc.builtins
                0x00000000        0x0 c:/program files (x86)/atmel/studio/7.0/toolchain/avr8/avr8-gnu-toolchain/bin/../lib/gcc/avr/5.4.0/avr5\libgcc.a(_udivmodsi4.o)
 .text.libgcc.fmul
                0x00000000        0x0 c:/program files (x86)/atmel/studio/7.0/toolchain/avr8/avr8-gnu-toolchain/bin/../lib/gcc/avr/5.4.0/avr5\libgcc.a(_udivmodsi4.o)
 .text.libgcc.fixed
                0x00000000        0x0 c:/program files (x86)/atmel/studio/7.0/toolchain/avr8/avr8-gnu-toolchain/bin/../lib/gcc/avr/5.4.0/avr5\libgcc.a(_udivmodsi4.o)
 .text          0x00000000        0x0 c:/program files (x86)/atmel/studio/7.0/toolchain/avr8/avr8-gnu-toolchain/bin/../lib/gcc/avr/5.4.0/avr5\libgcc.a(_divmodsi4.o)
 .data          0x00000000        0x0 c:/program files (x86)/atmel/studio/7.0/toolchain/avr8/avr8-gnu-toolchain/bin/../lib/gcc/avr/5.4.0/avr5\libgcc.a(_divmodsi4.o)
 .bss           0x00000000        0x0 c:/program files (x86)/atmel/studio/7.0/toolchain/avr8/avr8-gnu-toolchain/bin/../lib/gcc/avr/5.4.0/avr5\libgcc.a(_divmodsi4.o)
 .text.libgcc.mul
                0x00000000        0x0 c:/program files (x86)/atmel/studio/7.0/toolchain/avr8/avr8-gnu-toolchain/bin/../lib/gcc/avr/5.4.0/avr5\libgcc.a(_divmodsi4.o)
 .text.libgcc.div
                0x00000000       0x2e c:/program files (x86)/atmel/studio/7.0/toolchain/avr8/avr8-gnu-toolchain/bin/../lib/gcc/avr/5.4.0/avr5\libgcc.a(_divmodsi4.o)
 .text.libgcc   0x00000000        0x0 c:/program files (x86)/atmel/studio/7.0/toolchain/avr8/avr8-gnu-toolchain/bin/../lib/gcc/avr/5.4.0/avr5\libgcc.a(_divmodsi4.o)
 .text.libgcc.prologue
                0x00000000        0x0 c:/program files (x86)/atmel/studio/7.0/toolchain/avr8/avr8-gnu-toolchain/bin/../lib/gcc/avr/5.4.0/avr5\libgcc.a(_divmodsi4.o)
 .text.libgcc.builtins
                0x00000000        0x0 c:/program files (x86)/atmel/studio/7.0/toolchain/avr8/avr8-gnu-toolchain/bin/../lib/gcc/avr/5.4.0/avr5\libgcc.a(_divmodsi4.o)
 .text.libgcc.fmul
                0x00000000        0x0 c:/program files (x86)/atmel/studio/7.0/toolchain/avr8/avr8-gnu-toolchain/bin/../lib/gcc/avr/5.4.0/avr5\libgcc.a(_divmodsi4.o)
 .text.libgcc.fixed
                0x00000000        0x0 c:/program files (x86)/atmel/studio/7.0/toolchain/avr8/avr8-gnu-toolchain/bin/../lib/gcc/avr/5.4.0/avr5\libgcc.a(_divmodsi4.o)
 .text          0x00000000        0x0 c:/program files (x86)/atmel/studio/7.0/toolchain/avr8/avr8-gnu-toolchain/bin/../lib/gcc/avr/5.4.0/avr5\libgcc.a(_negsi2.o)
 .data          0x00000000        0x0 c:/program files (x86)/atmel/studio/7.0/toolchain/avr8/avr8-gnu-toolchain/bin/../lib/gcc/avr/5.4.0/avr5\libgcc.a(_negsi2.o)
 .bss           0x00000000        0x0 c:/program files (x86)/atmel/studio/7.0/toolchain/avr8/avr8-gnu-toolchain/bin/../lib/gcc/avr/5.4.0/avr5\libgcc.a(_negsi2.o)
 .text.libgcc.mul
                0x00000000        0x0 c:/program files (x86)/atmel/studio/7.0/toolchain/avr8/avr8-gnu-toolchain/bin/../lib/gcc/avr/5.4.0/avr5\libgcc.a(_negsi2.o)
 .text.libgcc.div
                0x00000000       0x10 c:/program files (x86)/atmel/studio/7.0/toolchain/avr8/avr8-gnu-toolchain/bin/../lib/gcc/avr/5.4.0/avr5\libgcc.a(_negsi2.o)
 .text.libgcc   0x00000000        0x0 c:/program files (x86)/atmel/studio/7.0/toolchain/avr8/avr8-gnu-toolchain/bin/../lib/gcc/avr/5.4.0/avr5\libgcc.a(_negsi2.o)
 .text.libgcc.prologue
                0x00000000        0x0 c:/program files (x86)/atmel/studio/7.0/toolchain/avr8/avr8-gnu-toolchain/bin/../lib/gcc/avr/5.4.0/avr5\libgcc.a(_negsi2.o)
 .text.libgcc.builtins
                0x00000000        0x0 c:/program files (x86)/atmel/studio/7.0/toolchain/avr8/avr8-gnu-toolchain/bin/../lib/gcc/avr/5.4.0/avr5\libgcc.a(_negsi2.o)
 .text.libgcc.fmul
                0x00000000        0x0 c:/program files (x86)/atmel/studio/7.0/toolchain/avr8/avr8-gnu-toolchain/bin/../lib/gcc/avr/5.4.0/avr5\libgcc.a(_negsi2.o)
 .text.libgcc.fixed
                0x00000000        0x0 c:/program files (x86)/atmel/studio/7.0/toolchain/avr8/avr8-gnu-toolchain/bin/../lib/gcc/avr/5.4.0/avr5\libgcc.a(_negsi2.o)
 .text          0x00000000        0x0 c:/program files (x86)/atmel/studio/7.0/toolchain/avr8/avr8-gnu-toolchain/bin/../lib/gcc/avr/5.4.0/avr5\libgcc.a(_exit.o)
 .data          0x00000000        0x0 c:/program files (x86)/atmel/studio/7.0/toolchain/avr8/avr8-gnu-toolchain/bin/../lib/gcc/avr/5.4.0/avr5\libgcc.a(_exit.o)
 .bss           0x00000000        0x0 c:/program files (x86)/atmel/studio/7.0/toolchain/avr8/avr8-gnu-toolchain/bin/../lib/gcc/avr/5.4.0/avr5\libgcc.a(_exit.o)
 .text.libgcc.mul
                0x00000000        0x0 c:/program files (x86)/atmel/studio/7.0/toolchain/avr8/avr8-gnu-toolchain/bin/../lib/gcc/avr/5.4.0/avr5\libgcc.a(_exit.o)
 .text.libgcc.div
                0x00000000        0x0 c:/program files (x86)/atmel/studio/7.0/toolchain/avr8/avr8-gnu-toolchain/bin/../lib/gcc/avr/5.4.0/avr5\libgcc.a(_exit.o)
 .text.libgcc   0x00000000        0x0 c:/program files (x86)/atmel/studio/7.0/toolchain/avr8/avr8-gnu-toolchain/bin/../lib/gcc/avr/5.4.0/avr5\libgcc.a(_exit.o)
 .text.libgcc.prologue
                0x00000000        0x0 c:/program files (x86)/atmel/studio/7.0/toolchain/avr8/avr8-gnu-toolchain/bin/../lib/gcc/avr/5.4.0/avr5\libgcc.a(_exit.o)
 .text.libgcc.builtins
                0x00000000        0x0 c:/program files (x86)/atmel/studio/7.0/toolchain/avr8/avr8-gnu-toolchain/bin/../lib/gcc/avr/5.4.0/avr5\libgcc.a(_exit.o)
 .text.libgcc.fmul
                0x00000000        0x0 c:/program files (x86)/atmel/studio/7.0/toolchain/avr8/avr8-gnu-toolchain/bin/../lib/gcc/avr/5.4.0/avr5\libgcc.a(_exit.o)
 .text.libgcc.fixed
                0x00000000        0x0 c:/program files (x86)/atmel/studio/7.0/toolchain/avr8/avr8-gnu-toolchain/bin/../lib/gcc/avr/5.4.0/avr5\libgcc.a(_exit.o)
 .text          0x00000000        0x0 c:/program files (x86)/atmel/studio/7.0/toolchain/avr8/avr8-gnu-toolchain/bin/../lib/gcc/avr/5.4.0/avr5\libgcc.a(_copy_data.o)
 .data          0x00000000        0x0 c:/program files (x86)/atmel/studio/7.0/toolchain/avr8/avr8-gnu-toolchain/bin/../lib/gcc/avr/5.4.0/avr5\libgcc.a(_copy_data.o)
 .bss           0x00000000        0x0 c:/program files (x86)/atmel/studio/7.0/toolchain/avr8/avr8-gnu-toolchain/bin/../lib/gcc/avr/5.4.0/avr5\libgcc.a(_copy_data.o)
 .text.libgcc.mul
                0x00000000        0x0 c:/program files (x86)/atmel/studio/7.0/toolchain/avr8/avr8-gnu-toolchain/bin/../lib/gcc/avr/5.4.0/avr5\libgcc.a(_copy_data.o)
 .text.libgcc.div
                0x00000000        0x0 c:/program files (x86)/atmel/studio/7.0/toolchain/avr8/avr8-gnu-toolchain/bin/../lib/gcc/avr/5.4.0/avr5\libgcc.a(_copy_data.o)
 .text.libgcc   0x00000000        0x0 c:/program files (x86)/atmel/studio/7.0/toolchain/avr8/avr8-gnu-toolchain/bin/../lib/gcc/avr/5.4.0/avr5\libgcc.a(_copy_data.o)
 .text.libgcc.prologue
                0x00000000        0x0 c:/program files (x86)/atmel/studio/7.0/toolchain/avr8/avr8-gnu-toolchain/bin/../lib/gcc/avr/5.4.0/avr5\libgcc.a(_copy_data.o)
 .text.libgcc.builtins
                0x00000000        0x0 c:/program files (x86)/atmel/studio/7.0/toolchain/avr8/avr8-gnu-toolchain/bin/../lib/gcc/avr/5.4.0/avr5\libgcc.a(_copy_data.o)
 .text.libgcc.fmul
                0x00000000        0x0 c:/program files (x86)/atmel/studio/7.0/toolchain/avr8/avr8-gnu-toolchain/bin/../lib/gcc/avr/5.4.0/avr5\libgcc.a(_copy_data.o)
 .text.libgcc.fixed
                0x00000000        0x0 c:/program files (x86)/atmel/studio/7.0/toolchain/avr8/avr8-gnu-toolchain/bin/../lib/gcc/avr/5.4.0/avr5\libgcc.a(_copy_data.o)
 .text          0x00000000        0x0 c:/program files (x86)/atmel/studio/7.0/toolchain/avr8/avr8-gnu-toolchain/bin/../lib/gcc/avr/5.4.0/avr5\libgcc.a(_clear_bss.o)
 .data          0x00000000        0x0 c:/program files (x86)/atmel/studio/7.0/toolchain/avr8/avr8-gnu-toolchain/bin/../lib/gcc/avr/5.4.0/avr5\libgcc.a(_clear_bss.o)
 .bss           0x00000000        0x0 c:/program files (x86)/atmel/studio/7.0/toolchain/avr8/avr8-gnu-toolchain/bin/../lib/gcc/avr/5.4.0/avr5\libgcc.a(_clear_bss.o)
 .text.libgcc.mul
                0x00000000        0x0 c:/program files (x86)/atmel/studio/7.0/toolchain/avr8/avr8-gnu-toolchain/bin/../lib/gcc/avr/5.4.0/avr5\libgcc.a(_clear_bss.o)
 .text.libgcc.div
                0x00000000        0x0 c:/program files (x86)/atmel/studio/7.0/toolchain/avr8/avr8-gnu-toolchain/bin/../lib/gcc/avr/5.4.0/avr5\libgcc.a(_clear_bss.o)
 .text.libgcc   0x00000000        0x0 c:/program files (x86)/atmel/studio/7.0/toolchain/avr8/avr8-gnu-toolchain/bin/../lib/gcc/avr/5.4.0/avr5\libgcc.a(_clear_bss.o)
 .text.libgcc.prologue
                0x00000000        0x0 c:/program files (x86)/atmel/studio/7.0/toolchain/avr8/avr8-gnu-toolchain/bin/../lib/gcc/avr/5.4.0/avr5\libgcc.a(_clear_bss.o)
 .text.libgcc.builtins
                0x00000000        0x0 c:/program files (x86)/atmel/studio/7.0/toolchain/avr8/avr8-gnu-toolchain/bin/../lib/gcc/avr/5.4.0/avr5\libgcc.a(_clear_bss.o)
 .text.libgcc.fmul
                0x00000000        0x0 c:/program files (x86)/atmel/studio/7.0/toolchain/avr8/avr8-gnu-toolchain/bin/../lib/gcc/avr/5.4.0/avr5\libgcc.a(_clear_bss.o)
 .text.libgcc.fixed
                0x00000000        0x0 c:/program files (x86)/atmel/studio/7.0/toolchain/avr8/avr8-gnu-toolchain/bin/../lib/gcc/avr/5.4.0/avr5\libgcc.a(_clear_bss.o)
 .text          0x00000000        0x0 c:/program files (x86)/atmel/studio/7.0/toolchain/avr8/avr8-gnu-toolchain/bin/../lib/gcc/avr/5.4.0/avr5\libgcc.a(_bswapsi2.o)
 .data          0x00000000        0x0 c:/program files (x86)/atmel/studio/7.0/toolchain/avr8/avr8-gnu-toolchain/bin/../lib/gcc/avr/5.4.0/avr5\libgcc.a(_bswapsi2.o)
 .bss           0x00000000        0x0 c:/program files (x86)/atmel/studio/7.0/toolchain/avr8/avr8-gnu-toolchain/bin/../lib/gcc/avr/5.4.0/avr5\libgcc.a(_bswapsi2.o)
 .text.libgcc.mul
                0x00000000        0x0 c:/program files (x86)/atmel/studio/7.0/toolchain/avr8/avr8-gnu-toolchain/bin/../lib/gcc/avr/5.4.0/avr5\libgcc.a(_bswapsi2.o)
 .text.libgcc.div
                0x00000000        0x0 c:/program files (x86)/atmel/studio/7.0/toolchain/avr8/avr8-gnu-toolchain/bin/../lib/gcc/avr/5.4.0/avr5\libgcc.a(_bswapsi2.o)
 .text.libgcc   0x00000000        0x0 c:/program files (x86)/atmel/studio/7.0/toolchain/avr8/avr8-gnu-toolchain/bin/../lib/gcc/avr/5.4.0/avr5\libgcc.a(_bswapsi2.o)
 .text.libgcc.prologue
                0x00000000        0x0 c:/program files (x86)/atmel/studio/7.0/toolchain/avr8/avr8-gnu-toolchain/bin/../lib/gcc/avr/5.4.0/avr5\libgcc.a(_bswapsi2.o)
 .text.libgcc.builtins
                0x00000000        0xe c:/program files (x86)/atmel/studio/7.0/toolchain/avr8/avr8-gnu-toolchain/bin/../lib/gcc/avr/5.4.0/avr5\libgcc.a(_bswapsi2.o)
 .text.libgcc.fmul
                0x00000000        0x0 c:/program files (x86)/atmel/studio/7.0/toolchain/avr8/avr8-gnu-toolchain/bin/../lib/gcc/avr/5.4.0/avr5\libgcc.a(_bswapsi2.o)
 .text.libgcc.fixed
                0x00000000        0x0 c:/program files (x86)/atmel/studio/7.0/toolchain/avr8/avr8-gnu-toolchain/bin/../lib/gcc/avr/5.4.0/avr5\libgcc.a(_bswapsi2.o)
 .text          0x00000000        0x0 c:/program files (x86)/atmel/studio/7.0/toolchain/avr8/avr8-gnu-toolchain/bin/../lib/gcc/avr/5.4.0/avr5\libgcc.a(_umulhisi3.o)
 .data          0x00000000        0x0 c:/program files (x86)/atmel/studio/7.0/toolchain/avr8/avr8-gnu-toolchain/bin/../lib/gcc/avr/5.4.0/avr5\libgcc.a(_umulhisi3.o)
 .bss           0x00000000        0x0 c:/program files (x86)/atmel/studio/7.0/toolchain/avr8/avr8-gnu-toolchain/bin/../lib/gcc/avr/5.4.0/avr5\libgcc.a(_umulhisi3.o)
 .text.libgcc.div
                0x00000000        0x0 c:/program files (x86)/atmel/studio/7.0/toolchain/avr8/avr8-gnu-toolchain/bin/../lib/gcc/avr/5.4.0/avr5\libgcc.a(_umulhisi3.o)
 .text.libgcc   0x00000000        0x0 c:/program files (x86)/atmel/studio/7.0/toolchain/avr8/avr8-gnu-toolchain/bin/../lib/gcc/avr/5.4.0/avr5\libgcc.a(_umulhisi3.o)
 .text.libgcc.prologue
                0x00000000        0x0 c:/program files (x86)/atmel/studio/7.0/toolchain/avr8/avr8-gnu-toolchain/bin/../lib/gcc/avr/5.4.0/avr5\libgcc.a(_umulhisi3.o)
 .text.libgcc.builtins
                0x00000000        0x0 c:/program files (x86)/atmel/studio/7.0/toolchain/avr8/avr8-gnu-toolchain/bin/../lib/gcc/avr/5.4.0/avr5\libgcc.a(_umulhisi3.o)
 .text.libgcc.fmul
                0x00000000        0x0 c:/program files (x86)/atmel/studio/7.0/toolchain/avr8/avr8-gnu-toolchain/bin/../lib/gcc/avr/5.4.0/avr5\libgcc.a(_umulhisi3.o)
 .text.libgcc.fixed
                0x00000000        0x0 c:/program files (x86)/atmel/studio/7.0/toolchain/avr8/avr8-gnu-toolchain/bin/../lib/gcc/avr/5.4.0/avr5\libgcc.a(_umulhisi3.o)

Memory Configuration

Name             Origin             Length             Attributes
text             0x00000000         0x00008000         xr
data             0x00800060         0x00000800         rw !x
eeprom           0x00810000         0x00000400         rw !x
fuse             0x00820000         0x00000002         rw !x
lock             0x00830000         0x00000400         rw !x
signature        0x00840000         0x00000400         rw !x
user_signatures  0x00850000         0x00000400         rw !x
*default*        0x00000000         0xffffffff

Linker script and memory map

LOAD C:/Program Files (x86)/Atmel/Studio/7.0/Packs/atmel/ATmega_DFP/1.7.374/gcc/dev/atmega32/avr5/crtatmega32.o
LOAD APP/MOVE.o
LOAD APP/TempFilter.o
LOAD Config/DIO_Config.o
LOAD Config/EXI_Config.o
LOAD Config/KEYPAD_Config.o
LOAD Config/UART_Config.o
LOAD HAL/KEYPAD_int.o
LOAD HAL/LCD_int.o
LOAD HAL/LCD_Private.o
LOAD HAL/MOTOR_Interface.o
LOAD HAL/RGB.o
LOAD HAL/Sensors_int.o
LOAD HAL/SERVO_int.o
LOAD HAL/Ultrasoinc.o
LOAD main.o
LOAD MCAL/ADC_int.o
LOAD MCAL/DIO.o
LOAD MCAL/Ex_int.o
LOAD MCAL/SPI.o
LOAD MCAL/Timers.o
LOAD MCAL/UART.o
LOAD SegmentDispaly.o
LOAD SERVICE/Timers_Services.o
LOAD SERVICE/UART_Services.o
LOAD SERVICE/UART_Stack.o
START GROUP
LOAD c:/program files (x86)/atmel/studio/7.0/toolchain/avr8/avr8-gnu-toolchain/bin/../lib/gcc/avr/5.4.0/../../../../avr/lib/avr5\libm.a
END GROUP
START GROUP
LOAD c:/program files (x86)/atmel/studio/7.0/toolchain/avr8/avr8-gnu-toolchain/bin/../lib/gcc/avr/5.4.0/avr5\libgcc.a
LOAD c:/program files (x86)/atmel/studio/7.0/toolchain/avr8/avr8-gnu-toolchain/bin/../lib/gcc/avr/5.4.0/../../../../avr/lib/avr5\libm.a
LOAD c:/program files (x86)/atmel/studio/7.0/toolchain/avr8/avr8-gnu-toolchain/bin/../lib/gcc/avr/5.4.0/../../../../avr/lib/avr5\libc.a
LOAD C:/Program Files (x86)/Atmel/Studio/7.0/Packs/atmel/ATmega_DFP/1.7.374/gcc/dev/atmega32/avr5\libatmega32.a
END GROUP
                0x00000000                __TEXT_REGION_ORIGIN__ = DEFINED (__TEXT_REGION_ORIGIN__)?__TEXT_REGION_ORIGIN__:0x0
                [0x00800060]                __DATA_REGION_ORIGIN__ = DEFINED (__DATA_REGION_ORIGIN__)?__DATA_REGION_ORIGIN__:0x800060
                [0x00008000]                __TEXT_REGION_LENGTH__ = DEFINED (__TEXT_REGION_LENGTH__)?__TEXT_REGION_LENGTH__:0x20000
                [0x00000800]                __DATA_REGION_LENGTH__ = DEFINED (__DATA_REGION_LENGTH__)?__DATA_REGION_LENGTH__:0xffa0
                [0x00000400]                __EEPROM_REGION_LENGTH__ = DEFINED (__EEPROM_REGION_LENGTH__)?__EEPROM_REGION_LENGTH__:0x10000
                [0x00000002]                __FUSE_REGION_LENGTH__ = DEFINED (__FUSE_REGION_LENGTH__)?__FUSE_REGION_LENGTH__:0x400
                0x00000400                __LOCK_REGION_LENGTH__ = DEFINED (__LOCK_REGION_LENGTH__)?__LOCK_REGION_LENGTH__:0x400
                0x00000400                __SIGNATURE_REGION_LENGTH__ = DEFINED (__SIGNATURE_REGION_LENGTH__)?__SIGNATURE_REGION_LENGTH__:0x400
                0x00000400                __USER_SIGNATURE_REGION_LENGTH__ = DEFINED (__USER_SIGNATURE_REGION_LENGTH__)?__USER_SIGNATURE_REGION_LENGTH__:0x400

.hash
 *(.hash)

.dynsym
 *(.dynsym)

.dynstr
 *(.dynstr)

.gnu.version
 *(.gnu.version)

.gnu.version_d
 *(.gnu.version_d)

.gnu.version_r
 *(.gnu.version_r)

.rel.init
 *(.rel.init)

.rela.init
 *(.rela.init)

.rel.text
 *(.rel.text)
 *(.rel.text.*)
 *(.rel.gnu.linkonce.t*)

.rela.text
 *(.rela.text)
 *(.rela.text.*)
 *(.rela.gnu.linkonce.t*)

.rel.fini
 *(.rel.fini)

.rela.fini
 *(.rela.fini)

.rel.rodata
 *(.rel.rodata)
 *(.rel.rodata.*)
 *(.rel.gnu.linkonce.r*)

.rela.rodata
 *(.rela.rodata)
 *(.rela.rodata.*)
 *(.rela.gnu.linkonce.r*)

.rel.data
 *(.rel.data)
 *(.rel.data.*)
 *(.rel.gnu.linkonce.d*)

.rela.data
 *(.rela.data)
 *(.rela.data.*)
 *(.rela.gnu.linkonce.d*)

.rel.ctors
 *(.rel.ctors)

.rela.ctors
 *(.rela.ctors)

.rel.dtors
 *(.rel.dtors)

.rela.dtors
 *(.rela.dtors)

.rel.got
 *(.rel.got)

.rela.got
 *(.rela.got)

.rel.bss
 *(.rel.bss)

.rela.bss
 *(.rela.bss)

.rel.plt
 *(.rel.plt)

.rela.plt
 *(.rela.plt)

.text           0x00000000      0xa80
 *(.vectors)
 .vectors       0x00000000       0x54 C:/Program Files (x86)/Atmel/Studio/7.0/Packs/atmel/ATmega_DFP/1.7.374/gcc/dev/atmega32/avr5/crtatmega32.o
                0x00000000                __vector_default
                0x00000000                __vectors
 *(.vectors)
 *(.progmem.gcc*)
                0x00000054                . = ALIGN (0x2)
                0x00000054                __trampolines_start = .
 *(.trampolines)
 .trampolines   0x00000054        0x0 linker stubs
 *(.trampolines*)
                0x00000054                __trampolines_end = .
 *libprintf_flt.a:*(.progmem.data)
 *libc.a:*(.progmem.data)
 *(.progmem*)
                0x00000054                . = ALIGN (0x2)
 *(.jumptables)
 *(.jumptables*)
 *(.lowtext)
 *(.lowtext*)
                0x00000054                __ctors_start = .
 *(.ctors)
                0x00000054                __ctors_end = .
                0x00000054                __dtors_start = .
 *(.dtors)
                0x00000054                __dtors_end = .
 SORT(*)(.ctors)
 SORT(*)(.dtors)
 *(.init0)
 .init0         0x00000054        0x0 C:/Program Files (x86)/Atmel/Studio/7.0/Packs/atmel/ATmega_DFP/1.7.374/gcc/dev/atmega32/avr5/crtatmega32.o
                0x00000054                __init
 *(.init0)
 *(.init1)
 *(.init1)
 *(.init2)
 .init2         0x00000054        0xc C:/Program Files (x86)/Atmel/Studio/7.0/Packs/atmel/ATmega_DFP/1.7.374/gcc/dev/atmega32/avr5/crtatmega32.o
 *(.init2)
 *(.init3)
 *(.init3)
 *(.init4)
 .init4         0x00000060       0x16 c:/program files (x86)/atmel/studio/7.0/toolchain/avr8/avr8-gnu-toolchain/bin/../lib/gcc/avr/5.4.0/avr5\libgcc.a(_copy_data.o)
                0x00000060                __do_copy_data
 .init4         0x00000076       0x10 c:/program files (x86)/atmel/studio/7.0/toolchain/avr8/avr8-gnu-toolchain/bin/../lib/gcc/avr/5.4.0/avr5\libgcc.a(_clear_bss.o)
                0x00000076                __do_clear_bss
 *(.init4)
 *(.init5)
 *(.init5)
 *(.init6)
 *(.init6)
 *(.init7)
 *(.init7)
 *(.init8)
 *(.init8)
 *(.init9)
 .init9         0x00000086        0x8 C:/Program Files (x86)/Atmel/Studio/7.0/Packs/atmel/ATmega_DFP/1.7.374/gcc/dev/atmega32/avr5/crtatmega32.o
 *(.init9)
 *(.text)
 .text          0x0000008e        0x4 C:/Program Files (x86)/Atmel/Studio/7.0/Packs/atmel/ATmega_DFP/1.7.374/gcc/dev/atmega32/avr5/crtatmega32.o
                0x0000008e                __vector_1
                0x0000008e                __vector_12
                0x0000008e                __bad_interrupt
                0x0000008e                __vector_3
                0x0000008e                __vector_17
                0x0000008e                __vector_19
                0x0000008e                __vector_5
                0x0000008e                __vector_4
                0x0000008e                __vector_2
                0x0000008e                __vector_14
                0x0000008e                __vector_16
                0x0000008e                __vector_18
                0x0000008e                __vector_20
                0x00000092                . = ALIGN (0x2)
 *(.text.*)
 .text.KEYPAD_init
                0x00000092       0x16 HAL/KEYPAD_int.o
                0x00000092                KEYPAD_init
 .text.write_instruction
                0x000000a8       0xc0 HAL/LCD_int.o
                0x000000a8                write_instruction
 .text.LCD_Init
                0x00000168       0x3c HAL/LCD_int.o
                0x00000168                LCD_Init
 .text.SERVO_WriteAngle
                0x000001a4       0x22 HAL/SERVO_int.o
                0x000001a4                SERVO_WriteAngle
 .text.startup.main
                0x000001c6       0xee main.o
                0x000001c6                main
 .text.__vector_11
                0x000002b4       0x54 main.o
                0x000002b4                __vector_11
 .text.__vector_10
                0x00000308       0x6a main.o
                0x00000308                __vector_10
 .text.ADC_init
                0x00000372       0x2a MCAL/ADC_int.o
                0x00000372                ADC_init
 .text.DIO_init
                0x0000039c      0x1bc MCAL/DIO.o
                0x0000039c                DIO_init
 .text.DIO_WritePin1
                0x00000558      0x102 MCAL/DIO.o
                0x00000558                DIO_WritePin1
 .text.DIO_ReadPin1
                0x0000065a       0x3a MCAL/DIO.o
                0x0000065a                DIO_ReadPin1
 .text.DIO_TogglePin
                0x00000694       0x1a MCAL/DIO.o
                0x00000694                DIO_TogglePin
 .text.EXI_TriggerEdge
                0x000006ae       0x8c MCAL/Ex_int.o
                0x000006ae                EXI_TriggerEdge
 .text.Timer1_Init
                0x0000073a       0x78 MCAL/Timers.o
                0x0000073a                Timer1_Init
 .text.Timer1_OCRA1Mode
                0x000007b2       0x36 MCAL/Timers.o
                0x000007b2                Timer1_OCRA1Mode
 .text.Timer1_OCRB1Mode
                0x000007e8       0x36 MCAL/Timers.o
                0x000007e8                Timer1_OCRB1Mode
 .text.__vector_9
                0x0000081e       0x52 MCAL/Timers.o
                0x0000081e                __vector_9
 .text.__vector_7
                0x00000870       0x52 MCAL/Timers.o
                0x00000870                __vector_7
 .text.__vector_8
                0x000008c2       0x52 MCAL/Timers.o
                0x000008c2                __vector_8
 .text.__vector_6
                0x00000914       0x52 MCAL/Timers.o
                0x00000914                __vector_6
 .text.UART_init
                0x00000966        0xc MCAL/UART.o
                0x00000966                UART_init
 .text.__vector_13
                0x00000972       0x54 MCAL/UART.o
                0x00000972                __vector_13
 .text.__vector_15
                0x000009c6       0x54 MCAL/UART.o
                0x000009c6                __vector_15
 .text.libgcc.div
                0x00000a1a       0x44 c:/program files (x86)/atmel/studio/7.0/toolchain/avr8/avr8-gnu-toolchain/bin/../lib/gcc/avr/5.4.0/avr5\libgcc.a(_udivmodsi4.o)
                0x00000a1a                __udivmodsi4
 .text.libgcc.mul
                0x00000a5e       0x1e c:/program files (x86)/atmel/studio/7.0/toolchain/avr8/avr8-gnu-toolchain/bin/../lib/gcc/avr/5.4.0/avr5\libgcc.a(_umulhisi3.o)
                0x00000a5e                __umulhisi3
                0x00000a7c                . = ALIGN (0x2)
 *(.fini9)
 .fini9         0x00000a7c        0x0 c:/program files (x86)/atmel/studio/7.0/toolchain/avr8/avr8-gnu-toolchain/bin/../lib/gcc/avr/5.4.0/avr5\libgcc.a(_exit.o)
                0x00000a7c                _exit
                0x00000a7c                exit
 *(.fini9)
 *(.fini8)
 *(.fini8)
 *(.fini7)
 *(.fini7)
 *(.fini6)
 *(.fini6)
 *(.fini5)
 *(.fini5)
 *(.fini4)
 *(.fini4)
 *(.fini3)
 *(.fini3)
 *(.fini2)
 *(.fini2)
 *(.fini1)
 *(.fini1)
 *(.fini0)
 .fini0         0x00000a7c        0x4 c:/program files (x86)/atmel/studio/7.0/toolchain/avr8/avr8-gnu-toolchain/bin/../lib/gcc/avr/5.4.0/avr5\libgcc.a(_exit.o)
 *(.fini0)
                0x00000a80                _etext = .

.data           0x00800060       0x24 load address 0x00000a80
                0x00800060                PROVIDE (__data_start, .)
 *(.data)
 *(.data*)
 .data.UART_TX_Fptr
                0x00800060        0x2 MCAL/UART.o
 .data.UART_RX_Fptr
                0x00800062        0x2 MCAL/UART.o
 *(.gnu.linkonce.d*)
 *(.rodata)
 *(.rodata*)
 .rodata.DIO_PinsStatusArr
                0x00800064       0x20 Config/DIO_Config.o
                0x00800064                DIO_PinsStatusArr
 *(.gnu.linkonce.r*)
                0x00800084                . = ALIGN (0x2)
                0x00800084                _edata = .
                0x00800084                PROVIDE (__data_end, .)

.bss            0x00800084        0xb
                0x00800084                PROVIDE (__bss_start, .)
 *(.bss)
 *(.bss*)
 .bss.angle.2225
                0x00800084        0x2 main.o
 .bss.c         0x00800086        0x1 main.o
 .bss.Timer1_ICU_Fptr
                0x00800087        0x2 MCAL/Timers.o
 .bss.Timer1_OCB_Fptr
                0x00800089        0x2 MCAL/Timers.o
 .bss.Timer1_OCA_Fptr
                0x0080008b        0x2 MCAL/Timers.o
 .bss.Timer1_OVF_Fptr
                0x0080008d        0x2 MCAL/Timers.o
 *(COMMON)
                0x0080008f                PROVIDE (__bss_end, .)
                0x00000a80                __data_load_start = LOADADDR (.data)
                0x00000aa4                __data_load_end = (__data_load_start + SIZEOF (.data))

.noinit         0x0080008f        0x0
                [!provide]                PROVIDE (__noinit_start, .)
 *(.noinit*)
                [!provide]                PROVIDE (__noinit_end, .)
                0x0080008f                _end = .
                [!provide]                PROVIDE (__heap_start, .)

.eeprom         0x00810000        0x0
 *(.eeprom*)
                0x00810000                __eeprom_end = .

.fuse
 *(.fuse)
 *(.lfuse)
 *(.hfuse)
 *(.efuse)

.lock
 *(.lock*)

.signature
 *(.signature*)

.user_signatures
 *(.user_signatures*)

.stab
 *(.stab)

.stabstr
 *(.stabstr)

.stab.excl
 *(.stab.excl)

.stab.exclstr
 *(.stab.exclstr)

.stab.index
 *(.stab.index)

.stab.indexstr
 *(.stab.indexstr)

.comment        0x00000000       0x30
 *(.comment)
 .comment       0x00000000       0x30 Config/DIO_Config.o
                                 0x31 (size before relaxing)
 .comment       0x00000030       0x31 HAL/KEYPAD_int.o
 .comment       0x00000030       0x31 HAL/LCD_int.o
 .comment       0x00000030       0x31 HAL/SERVO_int.o
 .comment       0x00000030       0x31 main.o
 .comment       0x00000030       0x31 MCAL/ADC_int.o
 .comment       0x00000030       0x31 MCAL/DIO.o
 .comment       0x00000030       0x31 MCAL/Ex_int.o
 .comment       0x00000030       0x31 MCAL/Timers.o
 .comment       0x00000030       0x31 MCAL/UART.o

.note.gnu.avr.deviceinfo
                0x00000000       0x3c
 .note.gnu.avr.deviceinfo
                0x00000000       0x3c C:/Program Files (x86)/Atmel/Studio/7.0/Packs/atmel/ATmega_DFP/1.7.374/gcc/dev/atmega32/avr5/crtatmega32.o

.note.gnu.build-id
 *(.note.gnu.build-id)

.debug
 *(.debug)

.line
 *(.line)

.debug_srcinfo
 *(.debug_srcinfo)

.debug_sfnames
 *(.debug_sfnames)

.debug_aranges
 *(.debug_aranges)

.debug_pubnames
 *(.debug_pubnames)

.debug_info     0x00000000      0x4e6
 *(.debug_info .gnu.linkonce.wi.*)
 .debug_info    0x00000000      0x4e6 C:/Program Files (x86)/Atmel/Studio/7.0/Packs/atmel/ATmega_DFP/1.7.374/gcc/dev/atmega32/avr5/crtatmega32.o

.debug_abbrev   0x00000000      0x4a3
 *(.debug_abbrev)
 .debug_abbrev  0x00000000      0x4a3 C:/Program Files (x86)/Atmel/Studio/7.0/Packs/atmel/ATmega_DFP/1.7.374/gcc/dev/atmega32/avr5/crtatmega32.o

.debug_line     0x00000000      0x116
 *(.debug_line .debug_line.* .debug_line_end)
 .debug_line    0x00000000      0x116 C:/Program Files (x86)/Atmel/Studio/7.0/Packs/atmel/ATmega_DFP/1.7.374/gcc/dev/atmega32/avr5/crtatmega32.o

.debug_frame
 *(.debug_frame)

.debug_str      0x00000000      0x196
 *(.debug_str)
 .debug_str     0x00000000      0x196 C:/Program Files (x86)/Atmel/Studio/7.0/Packs/atmel/ATmega_DFP/1.7.374/gcc/dev/atmega32/avr5/crtatmega32.o

.debug_loc
 *(.debug_loc)

.debug_macinfo
 *(.debug_macinfo)

.debug_weaknames
 *(.debug_weaknames)

.debug_funcnames
 *(.debug_funcnames)

.debug_typenames
 *(.debug_typenames)

.debug_varnames
 *(.debug_varnames)

.debug_pubtypes
 *(.debug_pubtypes)

.debug_ranges
 *(.debug_ranges)

.debug_macro
 *(.debug_macro)
OUTPUT(MainProject_Slave.elf elf32-avr)
LOAD linker stubs
